// Jest Snapshot v1, https://goo.gl/fbAQLP

exports[`handles EACCES error 1`] = `
"[1m[31m[40m[7m ERROR [27m[49m[39m[22m [1m[31mYou are not allowed to run server on this port[39m[22m [2mat 1970-01-01 00:00:00[22m
        Try to change user (e.g. root) or use port >= 1024

"
`;

exports[`handles EADDRINUSE error 1`] = `
"[1m[31m[40m[7m ERROR [27m[49m[39m[22m [1m[31mPort :1337 already in use[39m[22m [2mat 1970-01-01 00:00:00[22m
        Another Logux server or other app already running on this port
        Maybe you didnâ€™t not stop server from other project
        or previous version of this server was not killed

"
`;

exports[`handles Logux initialization error: subprotocol 1`] = `
"[1m[31m[40m[7m ERROR [27m[49m[39m[22m [1m[31mMissed client subprotocol requirements[39m[22m [2mat 1970-01-01 00:00:00[22m
        Check server constructor and Logux Server documentation

"
`;

exports[`handles Logux initialization error: unknown option 1`] = `
"[1m[31m[40m[7m ERROR [27m[49m[39m[22m [1m[31mUnknown option \`test\` in server constructor[39m[22m [2mat 1970-01-01 00:00:00[22m
        Maybe there is a mistake in option name or this version
        of Logux Server doesnâ€™t support this option

"
`;

exports[`handles error in production 1`] = `
"[1m[31m[40m[7m ERROR [27m[49m[39m[22m [1m[31mYou are not allowed to run server on this port[39m[22m [2mat 1970-01-01 00:00:00[22m
        Try to change user (e.g. root) or use port >= 1024

"
`;

exports[`reports action 1`] = `
"[1m[32m[40m[7m INFO [27m[49m[39m[22m  [1m[32mAction was added[39m[22m [2mat 1970-01-01 00:00:00[22m
        Action: 
          type: [1mCHANGE_USER[22m
          id:   [1m100[22m
          data: 
            name: [1mJohn[22m
        Meta:   
          id:      [[1m1487805099387[22m, [1m100:H10Nf5stl[22m, [1m0[22m]
          time:    [1m1487805099387[22m
          reasons: [[1mlastValue[22m, [1mdebug[22m]
          user:    [1m100:H10Nf5stl[22m
          server:  [1mserver:H1f8LAyzl[22m

"
`;

exports[`reports authenticated 1`] = `
"[1m[32m[40m[7m INFO [27m[49m[39m[22m  [1m[32mUser was authenticated[39m[22m [2mat 1970-01-01 00:00:00[22m
        Node ID:     [1m100[22m:H10Nf5stl
        Subprotocol: [1m1.0.0[22m
        Client ID:   [1m1[22m

"
`;

exports[`reports authenticated without user ID 1`] = `
"[1m[32m[40m[7m INFO [27m[49m[39m[22m  [1m[32mUser was authenticated[39m[22m [2mat 1970-01-01 00:00:00[22m
        Node ID:     H10Nf5stl
        Subprotocol: [1m1.0.0[22m
        Client ID:   [1m1[22m

"
`;

exports[`reports bad authenticated 1`] = `
"[1m[33m[40m[7m WARN [27m[49m[39m[22m  [1m[33mBad authentication[39m[22m [2mat 1970-01-01 00:00:00[22m
        Node ID:     [1m100[22m:H10Nf5stl
        Subprotocol: [1m1.0.0[22m
        Client ID:   [1m1[22m

"
`;

exports[`reports bad log info 1`] = `"Simple text payload"`;

exports[`reports clean 1`] = `
"[1m[32m[40m[7m INFO [27m[49m[39m[22m  [1m[32mAction was cleaned[39m[22m [2mat 1970-01-01 00:00:00[22m
        Action ID: [[1m1487805099387[22m, [1m100:H10Nf5stl[22m, [1m0[22m]

"
`;

exports[`reports client error 1`] = `
"[1m[33m[40m[7m WARN [27m[49m[39m[22m  [1m[33mClient error: A timeout was reached (5000ms)[39m[22m [2mat 1970-01-01 00:00:00[22m
        Node ID: [1m100[22m:H10Nf5stl

"
`;

exports[`reports connect 1`] = `
"[1m[32m[40m[7m INFO [27m[49m[39m[22m  [1m[32mClient was connected[39m[22m [2mat 1970-01-01 00:00:00[22m
        Client ID:  [1m1[22m
        IP address: [1m127.0.0.1[22m

"
`;

exports[`reports denied 1`] = `
"[1m[33m[40m[7m WARN [27m[49m[39m[22m  [1m[33mAction was denied[39m[22m [2mat 1970-01-01 00:00:00[22m
        Action ID: [[1m1487805099387[22m, [1m100:H10Nf5stl[22m, [1m0[22m]

"
`;

exports[`reports destroy 1`] = `
"[1m[32m[40m[7m INFO [27m[49m[39m[22m  [1m[32mShutting down Logux server[39m[22m [2mat 1970-01-01 00:00:00[22m

"
`;

exports[`reports disconnect 1`] = `
"[1m[32m[40m[7m INFO [27m[49m[39m[22m  [1m[32mClient was disconnected[39m[22m [2mat 1970-01-01 00:00:00[22m
        Node ID: [1m100[22m:H10Nf5stl

"
`;

exports[`reports disconnect from unauthenticated user 1`] = `
"[1m[32m[40m[7m INFO [27m[49m[39m[22m  [1m[32mClient was disconnected[39m[22m [2mat 1970-01-01 00:00:00[22m
        Client ID: [1m1[22m

"
`;

exports[`reports error 1`] = `
"[1m[31m[40m[7m ERROR [27m[49m[39m[22m [1m[31mSome mistake[39m[22m [2mat 1970-01-01 00:00:00[22m
[33m        at Object.<anonymous> (test/human-reporter.test.js:28:13)[39m
[31m        at Module._compile (module.js:573:32)[39m
[31m        at at runTest (node_modules/jest/index.js:50:10)[39m
[31m        at process._tickCallback (internal/process/next_tick.js:103:7)[39m
        Action ID: [[1m1487805099387[22m, [1m100:H10Nf5stl[22m, [1m0[22m]

"
`;

exports[`reports error from unautheficated user 1`] = `
"[1m[31m[40m[7m ERROR [27m[49m[39m[22m [1m[31mSyncError from client: A timeout was reached (5000ms)[39m[22m [2mat 1970-01-01 00:00:00[22m
        Client ID: [1m1[22m

"
`;

exports[`reports http 1`] = `
"[1m[32m[40m[7m INFO [27m[49m[39m[22m  [1m[32mLogux server is listening[39m[22m [2mat 1970-01-01 00:00:00[22m
        PID:          21384
        Logux server: [1m0.1.1[22m
        Node ID:      [1mserver[22m:H1f8LAyzl
        Environment:  [1mdevelopment[22m
        Subprotocol:  [1m1.0.0[22m
        Supports:     [1m1.x[22m
        Listen:       [1mCustom HTTP server[22m
        [90mServer was started in non-secure development mode[39m
        [90mPress Ctrl-C to shutdown server[39m

"
`;

exports[`reports listen 1`] = `
"[1m[32m[40m[7m INFO [27m[49m[39m[22m  [1m[32mLogux server is listening[39m[22m [2mat 1970-01-01 00:00:00[22m
        PID:          21384
        Logux server: [1m0.1.1[22m
        Node ID:      [1mserver[22m:H1f8LAyzl
        Environment:  [1mdevelopment[22m
        Subprotocol:  [1m2.5.0[22m
        Supports:     [1m2.x || 1.x[22m
        Listen:       [1mws://127.0.0.1:1337[22m
        [90mServer was started in non-secure development mode[39m
        [90mPress Ctrl-C to shutdown server[39m

"
`;

exports[`reports processed 1`] = `
"[1m[32m[40m[7m INFO [27m[49m[39m[22m  [1m[32mAction was processed[39m[22m [2mat 1970-01-01 00:00:00[22m
        Action ID: [[1m1487805099387[22m, [1m100:H10Nf5stl[22m, [1m0[22m]
        Duration:  [1m500[22m

"
`;

exports[`reports production 1`] = `
" INFO   Logux server is listening at 1970-01-01 00:00:00
        PID:          21384
        Logux server: 0.1.1
        Node ID:      server:H1f8LAyzl
        Environment:  production
        Subprotocol:  1.0.0
        Supports:     1.x
        Listen:       wss://0.0.0.0:1337

"
`;

exports[`reports synchronization error 1`] = `
"[1m[31m[40m[7m ERROR [27m[49m[39m[22m [1m[31mSyncError: A timeout was reached (5000ms)[39m[22m [2mat 1970-01-01 00:00:00[22m
        Node ID: [1m100[22m:H10Nf5stl

"
`;

exports[`reports unknownType 1`] = `
"[1m[33m[40m[7m WARN [27m[49m[39m[22m  [1m[33mAction with unknown type CHANGE_USER[39m[22m [2mat 1970-01-01 00:00:00[22m
        Action ID: [[1m1487805099387[22m, [1m100:H10Nf5stl[22m, [1m0[22m]

"
`;

exports[`reports unknownType from server 1`] = `
"[1m[31m[40m[7m ERROR [27m[49m[39m[22m [1m[31mAction with unknown type CHANGE_USER[39m[22m [2mat 1970-01-01 00:00:00[22m
        Action ID: [[1m1[22m, [1mserver:hfeb5[22m, [1m0[22m]

"
`;

exports[`reports zombie 1`] = `
"[1m[33m[40m[7m WARN [27m[49m[39m[22m  [1m[33mZombie client was disconnected[39m[22m [2mat 1970-01-01 00:00:00[22m
        Node ID: [1m100[22m:H10Nf5stl

"
`;
